
> next_travel@0.1.0 build
> next build

   Ôû▓ Next.js 16.0.10 (Turbopack)
   - Environments: .env.local

   Creating an optimized production build ...
 Ô£ô Compiled successfully in 8.5s
   Running TypeScript ...
node.exe : Failed to 
compile.
At C:\nvm4w\nodejs\np
m.ps1:16 char:5
+     & 
"$basedir/node$exe"  
"$basedir/node_module
s/npm/bin/npm-cli.js"
 ...
+     ~~~~~~~~~~~~~~~
~~~~~~~~~~~~~~~~~~~~~
~~~~~~~~~~~~~~~~~~~~~
~~~~~~~~
    + CategoryInfo   
           : NotSpe  
  cified: (Failed    
 to compile.:Stri    
ng) [], RemoteEx    
ception
    + FullyQualified 
   ErrorId : Native  
  CommandError
 

./app/api/places/[id]
/route.ts:124:33
Type error: Property 
'rating' does not 
exist on type '{}'.

[0m [90m 122 
|[39m       countryN
ame[33m:[39m countr
yName[33m,[39m
 [90m 123 |[39m    
   population[33m:[
39m city[33m.[39mpo
pulation[33m,[39m
[31m[1m>[22m[39m
[90m 124 |[39m      
 rating[33m:[39m 
curated [33m?[39m c
urated[33m.[39mrati
ng [33m:[39m getSta
bleRating(city[33m.
[39mname)[33m,[39m
 [90m     |[39m    
                     
        
[31m[1m^[22m[39m
 [90m 125 |[39m    
   image[33m:[39m 
[32m'https://images.u
nsplash.com/photo-147
7959858617-67f85cf4f1
df?w=400'[39m[33m,
[39m
 [90m 126 |[39m    
   description[33m:
[39m geminiDetails[3
3m?[39m[33m.[39mde
scription 
[33m||[39m 
(curated [33m?[39m 
curated[33m.[39mdes
cription [33m:[39m 
[32m`A beautiful 
city in 
${countryName} with 
a population of ${cit
y.population.toLocale
String()}.`[39m)[33
m,[39m
 [90m 127 |[39m    
   
currency[33m:[39m (
geminiDetails[33m?[
39m[33m.[39mcurrenc
y [33m&&[39m [33m!
[39mgeminiDetails[3
3m.[39merror) 
[33m?[39m geminiDet
ails[33m.[39mcurren
cy [33m:[39m [32m"
Unknown"[39m[33m,[
39m[0m
Next.js build worker 
exited with code: 1 
and signal: null
